// Jest Snapshot v1, https://goo.gl/fbAQLP

exports[`renders homepage unchanged 1`] = `
<div>
  <div
    class="grid min-h-screen grid-rows-[20px_1fr_20px] place-items-center gap-16 p-8 pb-20 font-[family-name:var(--font-geist-sans)] sm:p-20"
  >
    <main
      class="row-start-2 flex flex-col items-center gap-8 sm:items-start"
    >
      <h1
        class="text-center text-2xl sm:text-left sm:text-3xl"
      >
        Heading!
      </h1>
    </main>
    <footer
      class="row-start-3 flex flex-wrap items-center justify-center gap-6"
    >
      Footer!
    </footer>
  </div>
</div>
`;
